3 bottles of milk on the wall, 3 bottles of milk.
Take one down, pass it around, 2 bottles of milk on the wall.

2 bottles of milk on the wall, 2 bottles of milk.
Take one down, pass it around, 1 bottle of milk on the wall.

1 bottle of milk on the wall, 1 bottle of milk.
Take it down, pass it around, no more bottles of milk.
